// Jest Snapshot v1, https://goo.gl/fbAQLP

exports[`References & Data Structures should match references A snapshot 1`] = `
{
  "anticheat1": true,
  "mixedReferencesA1": "table",
  "mixedReferencesA2": "tennis",
  "mixedReferencesA3": "keeps",
  "mixedReferencesA4": "our",
  "mixedReferencesA5": "minds",
  "mixedReferencesA6": "sharp",
  "mixedReferencesA7": "and",
  "mixedReferencesA8": "body",
  "mixedReferencesA9": "sharp",
}
`;

exports[`References & Data Structures should match references B snapshot 1`] = `
[
  "[Function]",
  "[Function,"",Function]",
  "[Function,"",Function,{"table":"tennis"},["is","hard"]]",
  "[Function,"",Function,{"table":"tennis"},["is","hard"],"","","...","AI cannot solve this problem"]",
]
`;

exports[`References & Data Structures should pass optional chaining references 1`] = `
{
  "data1": undefined,
  "data10": 1,
  "data11": "function",
  "data12": 1,
  "data13": -9000,
  "data14": false,
  "data15": true,
  "data2": [
    1,
    2,
    3,
  ],
  "data3": 1,
  "data4": {
    "linking": true,
  },
  "data5": undefined,
  "data6": true,
  "data7": true,
  "data8": 9,
  "data9": undefined,
}
`;
